// Jest Snapshot v1, https://goo.gl/fbAQLP

exports[`<LoginPage /> should render page 1`] = `
<Card
  animate={true}
  expanderIcon={
    <FontIcon
      iconClassName="material-icons"
    >
      keyboard_arrow_down
    </FontIcon>
  }
  expanderTooltipPosition="left"
>
  <CardTitle
    title="Login"
  />
  <CardText
    component="section"
  >
    <Connect(LoginFormContainer) />
  </CardText>
</Card>
`;
