// Jest Snapshot v1, https://goo.gl/fbAQLP

exports[`<LoginForm /> should render component 1`] = `
<form>
  <Grid
    component="div"
    noSpacing={false}
    stacked={false}
  >
    <Cell
      component="div"
      desktopHidden={false}
      phoneHidden={false}
      size={12}
      tabletHidden={false}
    >
      <TextField
        error={true}
        errorText="error"
        fullWidth={true}
        id="email"
        label="E-mail"
        leftIconStateful={true}
        lineDirection="left"
        onChange={[Function]}
        passwordIcon={
          <FontIcon
            iconClassName="material-icons"
          >
            remove_red_eye
          </FontIcon>
        }
        rightIconStateful={true}
        type="text"
        value="test@email.com"
      />
    </Cell>
  </Grid>
  <Grid
    component="div"
    noSpacing={false}
    stacked={false}
  >
    <Cell
      component="div"
      desktopHidden={false}
      phoneHidden={false}
      size={12}
      tabletHidden={false}
    >
      <TextField
        error={true}
        errorText="error"
        fullWidth={true}
        id="password"
        label="Password"
        leftIconStateful={true}
        lineDirection="left"
        onChange={[Function]}
        passwordIcon={
          <FontIcon
            iconClassName="material-icons"
          >
            remove_red_eye
          </FontIcon>
        }
        rightIconStateful={true}
        type="password"
        value="testPassword"
      />
    </Cell>
  </Grid>
  <Grid
    component="div"
    noSpacing={false}
    stacked={false}
  >
    <Cell
      component="div"
      desktopHidden={false}
      desktopSize={6}
      phoneHidden={false}
      phoneSize={2}
      tabletHidden={false}
      tabletSize={4}
    >
      <Checkbox
        checkedIcon={
          <FontIcon
            iconClassName="material-icons"
          >
            check_box
          </FontIcon>
        }
        id="remember"
        label="Remember me"
        name="remember"
        onChange={[Function]}
        uncheckedIcon={
          <FontIcon
            iconClassName="material-icons"
          >
            check_box_outline_blank
          </FontIcon>
        }
      />
    </Cell>
    <Cell
      component="div"
      desktopHidden={false}
      desktopSize={6}
      phoneHidden={false}
      phoneSize={2}
      tabletHidden={false}
      tabletSize={4}
    >
      <withInk(withTooltip(Button))
        inkTransitionEnterTimeout={450}
        inkTransitionLeaveTimeout={300}
        inkTransitionOverlap={150}
        primary={true}
        raised={true}
        type="submit"
      >
        Submit
      </withInk(withTooltip(Button))>
    </Cell>
  </Grid>
</form>
`;
